current directory: /home/runner/work/bros-nuzlocke-tracker/bros-nuzlocke-tracker/vendor/bundle/ruby/3.2.0/gems/date-3.4.1/ext/date
/usr/bin/ruby3.2 -I/usr/lib/ruby/vendor_ruby extconf.rb
checking for rb_category_warn()... yes
checking for timezone in time.h with  -Werror... yes
checking for altzone in time.h with  -Werror... no
creating Makefile

current directory: /home/runner/work/bros-nuzlocke-tracker/bros-nuzlocke-tracker/vendor/bundle/ruby/3.2.0/gems/date-3.4.1/ext/date
make DESTDIR\= sitearchdir\=./.gem.20260128-3932-txk4vt sitelibdir\=./.gem.20260128-3932-txk4vt clean

current directory: /home/runner/work/bros-nuzlocke-tracker/bros-nuzlocke-tracker/vendor/bundle/ruby/3.2.0/gems/date-3.4.1/ext/date
make DESTDIR\= sitearchdir\=./.gem.20260128-3932-txk4vt sitelibdir\=./.gem.20260128-3932-txk4vt
compiling date_core.c
compiling date_parse.c
compiling date_strftime.c
compiling date_strptime.c
linking shared-object date_core.so

current directory: /home/runner/work/bros-nuzlocke-tracker/bros-nuzlocke-tracker/vendor/bundle/ruby/3.2.0/gems/date-3.4.1/ext/date
make DESTDIR\= sitearchdir\=./.gem.20260128-3932-txk4vt sitelibdir\=./.gem.20260128-3932-txk4vt install
/usr/bin/install -c -m 0755 date_core.so ./.gem.20260128-3932-txk4vt

current directory: /home/runner/work/bros-nuzlocke-tracker/bros-nuzlocke-tracker/vendor/bundle/ruby/3.2.0/gems/date-3.4.1/ext/date
make DESTDIR\= sitearchdir\=./.gem.20260128-3932-txk4vt sitelibdir\=./.gem.20260128-3932-txk4vt clean
